// Jest Snapshot v1, https://goo.gl/fbAQLP

exports[`<Main /> Precisa renderizar o header corretamente e gerar o snapshot 1`] = `
.c0 {
  display: flex;
  justify-content: center;
  align-items: center;
  width: 100%;
  height: 100vh;
  background-color: #06092b;
}

<main
  class="c0"
>
  <h1>
    Me Joga
  </h1>
</main>
`;
